﻿
  .   ____          _            __ _ _
 /\\ / ___'_ __ _ _(_)_ __  __ _ \ \ \ \
( ( )\___ | '_ | '_| | '_ \/ _` | \ \ \ \
 \\/  ___)| |_)| | | | | || (_| |  ) ) ) )
  '  |____| .__|_| |_|_| |_\__, | / / / /
 =========|_|==============|___/=/_/_/_/

 :: Spring Boot ::               (v3.5.12)

2026-03-24T13:08:27.731+05:30  INFO 10984 --- [backend] [           main] com.couples.backend.BackendApplication   : Starting BackendApplication using Java 17.0.15 with PID 10984 (C:\Users\harsh\Projects\Love\backend\build\classes\java\main started by harsh in C:\Users\harsh\Projects\Love\backend)
2026-03-24T13:08:27.736+05:30  INFO 10984 --- [backend] [           main] com.couples.backend.BackendApplication   : The following 1 profile is active: "local"
2026-03-24T13:08:29.051+05:30  INFO 10984 --- [backend] [           main] .s.d.r.c.RepositoryConfigurationDelegate : Bootstrapping Spring Data JPA repositories in DEFAULT mode.
2026-03-24T13:08:29.180+05:30  INFO 10984 --- [backend] [           main] .s.d.r.c.RepositoryConfigurationDelegate : Finished Spring Data repository scanning in 113 ms. Found 3 JPA repository interfaces.
2026-03-24T13:08:30.292+05:30  INFO 10984 --- [backend] [           main] o.s.b.w.embedded.tomcat.TomcatWebServer  : Tomcat initialized with port 8080 (http)
2026-03-24T13:08:30.315+05:30  INFO 10984 --- [backend] [           main] o.apache.catalina.core.StandardService   : Starting service [Tomcat]
2026-03-24T13:08:30.316+05:30  INFO 10984 --- [backend] [           main] o.apache.catalina.core.StandardEngine    : Starting Servlet engine: [Apache Tomcat/10.1.52]
2026-03-24T13:08:30.452+05:30  INFO 10984 --- [backend] [           main] o.a.c.c.C.[Tomcat].[localhost].[/]       : Initializing Spring embedded WebApplicationContext
2026-03-24T13:08:30.454+05:30  INFO 10984 --- [backend] [           main] w.s.c.ServletWebServerApplicationContext : Root WebApplicationContext: initialization completed in 2631 ms
2026-03-24T13:08:30.802+05:30  INFO 10984 --- [backend] [           main] o.hibernate.jpa.internal.util.LogHelper  : HHH000204: Processing PersistenceUnitInfo [name: default]
2026-03-24T13:08:30.952+05:30  INFO 10984 --- [backend] [           main] org.hibernate.Version                    : HHH000412: Hibernate ORM core version 6.6.44.Final
2026-03-24T13:08:31.035+05:30  INFO 10984 --- [backend] [           main] o.h.c.internal.RegionFactoryInitiator    : HHH000026: Second-level cache disabled
2026-03-24T13:08:31.696+05:30  INFO 10984 --- [backend] [           main] o.s.o.j.p.SpringPersistenceUnitInfo      : No LoadTimeWeaver setup: ignoring JPA class transformer
2026-03-24T13:08:31.768+05:30  INFO 10984 --- [backend] [           main] com.zaxxer.hikari.HikariDataSource       : HikariPool-1 - Starting...
2026-03-24T13:08:35.475+05:30  INFO 10984 --- [backend] [           main] com.zaxxer.hikari.pool.HikariPool        : HikariPool-1 - Added connection org.postgresql.jdbc.PgConnection@5613247e
2026-03-24T13:08:35.479+05:30  INFO 10984 --- [backend] [           main] com.zaxxer.hikari.HikariDataSource       : HikariPool-1 - Start completed.
2026-03-24T13:08:37.137+05:30  INFO 10984 --- [backend] [           main] org.hibernate.orm.connections.pooling    : HHH10001005: Database info:
	Database JDBC URL [Connecting through datasource 'HikariDataSource (HikariPool-1)']
	Database driver: undefined/unknown
	Database version: 17.6
	Autocommit mode: undefined/unknown
	Isolation level: undefined/unknown
	Minimum pool size: undefined/unknown
	Maximum pool size: undefined/unknown
2026-03-24T13:08:39.049+05:30  INFO 10984 --- [backend] [           main] o.h.e.t.j.p.i.JtaPlatformInitiator       : HHH000489: No JTA platform available (set 'hibernate.transaction.jta.platform' to enable JTA platform integration)
2026-03-24T13:08:40.981+05:30  INFO 10984 --- [backend] [           main] j.LocalContainerEntityManagerFactoryBean : Initialized JPA EntityManagerFactory for persistence unit 'default'
2026-03-24T13:08:41.693+05:30  WARN 10984 --- [backend] [           main] JpaBaseConfiguration$JpaWebConfiguration : spring.jpa.open-in-view is enabled by default. Therefore, database queries may be performed during view rendering. Explicitly configure spring.jpa.open-in-view to disable this warning
2026-03-24T13:08:41.749+05:30  WARN 10984 --- [backend] [           main] .s.s.UserDetailsServiceAutoConfiguration : 

Using generated security password: 1bd8264d-c39d-475f-a5a5-20d15f884442

This generated password is for development use only. Your security configuration must be updated before running your application in production.

2026-03-24T13:08:41.771+05:30  INFO 10984 --- [backend] [           main] r$InitializeUserDetailsManagerConfigurer : Global AuthenticationManager configured with UserDetailsService bean with name inMemoryUserDetailsManager
2026-03-24T13:08:42.670+05:30  INFO 10984 --- [backend] [           main] o.s.m.s.b.SimpleBrokerMessageHandler     : Starting...
2026-03-24T13:08:42.671+05:30  INFO 10984 --- [backend] [           main] o.s.m.s.b.SimpleBrokerMessageHandler     : BrokerAvailabilityEvent[available=true, SimpleBrokerMessageHandler [org.springframework.messaging.simp.broker.DefaultSubscriptionRegistry@18ed8b75]]
2026-03-24T13:08:42.672+05:30  INFO 10984 --- [backend] [           main] o.s.m.s.b.SimpleBrokerMessageHandler     : Started.
2026-03-24T13:08:42.705+05:30  INFO 10984 --- [backend] [           main] o.s.b.w.embedded.tomcat.TomcatWebServer  : Tomcat started on port 8080 (http) with context path '/'
2026-03-24T13:08:42.719+05:30  INFO 10984 --- [backend] [           main] com.couples.backend.BackendApplication   : Started BackendApplication in 15.912 seconds (process running for 16.586)
2026-03-24T13:09:42.693+05:30  INFO 10984 --- [backend] [MessageBroker-1] o.s.w.s.c.WebSocketMessageBrokerStats    : WebSocketSession[0 current WS(0)-HttpStream(0)-HttpPoll(0), 0 total, 0 closed abnormally (0 connect failure, 0 send limit, 0 transport error)], stompSubProtocol[processed CONNECT(0)-CONNECTED(0)-DISCONNECT(0)], stompBrokerRelay[null], inboundChannel[pool size = 0, active threads = 0, queued tasks = 0, completed tasks = 0], outboundChannel[pool size = 0, active threads = 0, queued tasks = 0, completed tasks = 0], sockJsScheduler[pool size = 1, active threads = 1, queued tasks = 0, completed tasks = 0]
